[   44633ms] [ERROR] Failed to load resource: the server responded with a status of 404 (Not Found) @ http://localhost:3001/assets/js/120ae6a9.8b30b711.js:0
[   44646ms] ChunkLoadError: Loading chunk 4216 failed.
(error: http://localhost:3001/assets/js/120ae6a9.8b30b711.js)
    at t.f.j (http://localhost:3001/assets/js/runtime~main.823554f2.js:1:12116)
    at http://localhost:3001/assets/js/runtime~main.823554f2.js:1:1243
    at Array.reduce (<anonymous>)
    at t.e (http://localhost:3001/assets/js/runtime~main.823554f2.js:1:1222)
    at i.120ae6a9 (http://localhost:3001/assets/js/main.96aba9ab.js:2:2659)
    at E (http://localhost:3001/assets/js/main.96aba9ab.js:2:410451)
    at http://localhost:3001/assets/js/main.96aba9ab.js:2:410721
    at Array.forEach (<anonymous>)
    at d (http://localhost:3001/assets/js/main.96aba9ab.js:2:410695)
    at m (http://localhost:3001/assets/js/main.96aba9ab.js:2:411331)
[   44663ms] [ERROR] Failed to load resource: the server responded with a status of 404 (Not Found) @ http://localhost:3001/assets/js/34ae87f0.1d75bc45.js:0
[   44663ms] [ERROR] Failed to load resource: the server responded with a status of 404 (Not Found) @ http://localhost:3001/assets/js/f39cba00.84dca926.js:0
[   44667ms] ChunkLoadError: Loading chunk 5157 failed.
(error: http://localhost:3001/assets/js/34ae87f0.1d75bc45.js)
    at t.f.j (http://localhost:3001/assets/js/runtime~main.823554f2.js:1:12116)
    at http://localhost:3001/assets/js/runtime~main.823554f2.js:1:1243
    at Array.reduce (<anonymous>)
    at t.e (http://localhost:3001/assets/js/runtime~main.823554f2.js:1:1222)
    at i.34ae87f0 (http://localhost:3001/assets/js/main.96aba9ab.js:2:7218)
    at E (http://localhost:3001/assets/js/main.96aba9ab.js:2:410451)
    at http://localhost:3001/assets/js/main.96aba9ab.js:2:410721
    at Array.forEach (<anonymous>)
    at d (http://localhost:3001/assets/js/main.96aba9ab.js:2:410695)
    at m (http://localhost:3001/assets/js/main.96aba9ab.js:2:411331)
[   44663ms] [ERROR] Failed to load resource: the server responded with a status of 404 (Not Found) @ http://localhost:3001/assets/js/f6d69ff8.99e136fc.js:0
[   45517ms] [ERROR] Failed to load resource: the server responded with a status of 404 (Not Found) @ http://localhost:3001/framework/00_FOUNDATION/:0
[   45536ms] [ERROR] Failed to load resource: the server responded with a status of 404 (Not Found) @ http://localhost:3001/favicon.ico:0
